Performing C SOURCE FILE Test CMAKE_HAVE_LIBC_PTHREAD failed with the following output:
Change Dir: /home/glf/MPRPC/build/CMakeFiles/CMakeTmp

Run Build Command(s):/usr/bin/ninja-build cmTC_2bc09 && [1/2] Building C object CMakeFiles/cmTC_2bc09.dir/src.c.o
[2/2] Linking C executable cmTC_2bc09
FAILED: cmTC_2bc09 
: && /usr/local/bin/gcc-11 -DCMAKE_HAVE_LIBC_PTHREAD   CMakeFiles/cmTC_2bc09.dir/src.c.o  -o cmTC_2bc09   && :
CMakeFiles/cmTC_2bc09.dir/src.c.o：在函数‘main’中：
src.c:(.text+0x2d)：对‘pthread_create’未定义的引用
src.c:(.text+0x39)：对‘pthread_detach’未定义的引用
src.c:(.text+0x45)：对‘pthread_cancel’未定义的引用
src.c:(.text+0x56)：对‘pthread_join’未定义的引用
src.c:(.text+0x6a)：对‘pthread_atfork’未定义的引用
collect2: 错误：ld 返回 1
ninja: build stopped: subcommand failed.


Source file was:
#include <pthread.h>

void* test_func(void* data)
{
  return data;
}

int main(void)
{
  pthread_t thread;
  pthread_create(&thread, NULL, test_func, NULL);
  pthread_detach(thread);
  pthread_cancel(thread);
  pthread_join(thread, NULL);
  pthread_atfork(NULL, NULL, NULL);
  pthread_exit(NULL);

  return 0;
}

Determining if the function pthread_create exists in the pthreads failed with the following output:
Change Dir: /home/glf/MPRPC/build/CMakeFiles/CMakeTmp

Run Build Command(s):/usr/bin/ninja-build cmTC_965aa && [1/2] Building C object CMakeFiles/cmTC_965aa.dir/CheckFunctionExists.c.o
[2/2] Linking C executable cmTC_965aa
FAILED: cmTC_965aa 
: && /usr/local/bin/gcc-11 -DCHECK_FUNCTION_EXISTS=pthread_create   CMakeFiles/cmTC_965aa.dir/CheckFunctionExists.c.o  -o cmTC_965aa  -lpthreads && :
/usr/bin/ld: 找不到 -lpthreads
collect2: 错误：ld 返回 1
ninja: build stopped: subcommand failed.



