The system is: Linux - 3.10.0-1160.119.1.el7.x86_64 - x86_64
Compiling the C compiler identification source file "CMakeCCompilerId.c" succeeded.
Compiler: /usr/local/bin/gcc-11 
Build flags: 
Id flags:  

The output was:
0


Compilation of the C compiler identification source "CMakeCCompilerId.c" produced "a.out"

The C compiler identification is GNU, found in "/home/glf/MPRPC/build/CMakeFiles/3.17.5/CompilerIdC/a.out"

Compiling the CXX compiler identification source file "CMakeCXXCompilerId.cpp" succeeded.
Compiler: /usr/local/bin/g++-11 
Build flags: -std=c++11
Id flags:  

The output was:
0


Compilation of the CXX compiler identification source "CMakeCXXCompilerId.cpp" produced "a.out"

The CXX compiler identification is GNU, found in "/home/glf/MPRPC/build/CMakeFiles/3.17.5/CompilerIdCXX/a.out"

Determining if the C compiler works passed with the following output:
Change Dir: /home/glf/MPRPC/build/CMakeFiles/CMakeTmp

Run Build Command(s):/usr/bin/ninja-build cmTC_a30fc && [1/2] Building C object CMakeFiles/cmTC_a30fc.dir/testCCompiler.c.o
[2/2] Linking C executable cmTC_a30fc



Detecting C compiler ABI info compiled with the following output:
Change Dir: /home/glf/MPRPC/build/CMakeFiles/CMakeTmp

Run Build Command(s):/usr/bin/ninja-build cmTC_de8f9 && [1/2] Building C object CMakeFiles/cmTC_de8f9.dir/CMakeCCompilerABI.c.o
Using built-in specs.
COLLECT_GCC=/usr/local/bin/gcc-11
Target: x86_64-pc-linux-gnu
Configured with: /home/gccbuild/gcc-11.2.0/configure --disable-multilib --enable-languages=c,c++ --prefix=/usr/local/gcc-11.2.0
Thread model: posix
Supported LTO compression algorithms: zlib
gcc version 11.2.0 (GCC) 
COLLECT_GCC_OPTIONS='-v' '-o' 'CMakeFiles/cmTC_de8f9.dir/CMakeCCompilerABI.c.o' '-c' '-mtune=generic' '-march=x86-64' '-dumpdir' 'CMakeFiles/cmTC_de8f9.dir/'
 /usr/local/gcc-11.2.0/libexec/gcc/x86_64-pc-linux-gnu/11.2.0/cc1 -quiet -v /usr/share/cmake3/Modules/CMakeCCompilerABI.c -quiet -dumpdir CMakeFiles/cmTC_de8f9.dir/ -dumpbase CMakeCCompilerABI.c.c -dumpbase-ext .c -mtune=generic -march=x86-64 -version -o /tmp/ccPOHHzw.s
GNU C17 (GCC) version 11.2.0 (x86_64-pc-linux-gnu)
	compiled by GNU C version 11.2.0, GMP version 6.1.0, MPFR version 3.1.6, MPC version 1.0.3, isl version isl-0.18-GMP

GGC heuristics: --param ggc-min-expand=100 --param ggc-min-heapsize=131072
ignoring nonexistent directory "/usr/local/gcc-11.2.0/lib/gcc/x86_64-pc-linux-gnu/11.2.0/../../../../x86_64-pc-linux-gnu/include"
#include "..." search starts here:
#include <...> search starts here:
 /usr/local/gcc-11.2.0/lib/gcc/x86_64-pc-linux-gnu/11.2.0/include
 /usr/local/include
 /usr/local/gcc-11.2.0/include
 /usr/local/gcc-11.2.0/lib/gcc/x86_64-pc-linux-gnu/11.2.0/include-fixed
 /usr/include
End of search list.
GNU C17 (GCC) version 11.2.0 (x86_64-pc-linux-gnu)
	compiled by GNU C version 11.2.0, GMP version 6.1.0, MPFR version 3.1.6, MPC version 1.0.3, isl version isl-0.18-GMP

GGC heuristics: --param ggc-min-expand=100 --param ggc-min-heapsize=131072
Compiler executable checksum: 2f7a36777982a33248c7e599ca72fb27
COLLECT_GCC_OPTIONS='-v' '-o' 'CMakeFiles/cmTC_de8f9.dir/CMakeCCompilerABI.c.o' '-c' '-mtune=generic' '-march=x86-64' '-dumpdir' 'CMakeFiles/cmTC_de8f9.dir/'
 as -v --64 -o CMakeFiles/cmTC_de8f9.dir/CMakeCCompilerABI.c.o /tmp/ccPOHHzw.s
GNU assembler version 2.27 (x86_64-redhat-linux) using BFD version version 2.27-44.base.el7_9.1
COMPILER_PATH=/usr/local/gcc-11.2.0/libexec/gcc/x86_64-pc-linux-gnu/11.2.0/:/usr/local/gcc-11.2.0/libexec/gcc/x86_64-pc-linux-gnu/11.2.0/:/usr/local/gcc-11.2.0/libexec/gcc/x86_64-pc-linux-gnu/:/usr/local/gcc-11.2.0/lib/gcc/x86_64-pc-linux-gnu/11.2.0/:/usr/local/gcc-11.2.0/lib/gcc/x86_64-pc-linux-gnu/
LIBRARY_PATH=/usr/local/lib/../lib64/:/usr/local/lib/../lib64/:/usr/local/gcc-11.2.0/lib/gcc/x86_64-pc-linux-gnu/11.2.0/:/usr/local/gcc-11.2.0/lib/gcc/x86_64-pc-linux-gnu/11.2.0/../../../../lib64/:/lib/../lib64/:/usr/lib/../lib64/:/usr/local/lib/:/usr/local/lib/:/usr/local/gcc-11.2.0/lib/gcc/x86_64-pc-linux-gnu/11.2.0/../../../:/lib/:/usr/lib/
COLLECT_GCC_OPTIONS='-v' '-o' 'CMakeFiles/cmTC_de8f9.dir/CMakeCCompilerABI.c.o' '-c' '-mtune=generic' '-march=x86-64' '-dumpdir' 'CMakeFiles/cmTC_de8f9.dir/CMakeCCompilerABI.c.'
[2/2] Linking C executable cmTC_de8f9
Using built-in specs.
COLLECT_GCC=/usr/local/bin/gcc-11
COLLECT_LTO_WRAPPER=/usr/local/gcc-11.2.0/libexec/gcc/x86_64-pc-linux-gnu/11.2.0/lto-wrapper
Target: x86_64-pc-linux-gnu
Configured with: /home/gccbuild/gcc-11.2.0/configure --disable-multilib --enable-languages=c,c++ --prefix=/usr/local/gcc-11.2.0
Thread model: posix
Supported LTO compression algorithms: zlib
gcc version 11.2.0 (GCC) 
COMPILER_PATH=/usr/local/gcc-11.2.0/libexec/gcc/x86_64-pc-linux-gnu/11.2.0/:/usr/local/gcc-11.2.0/libexec/gcc/x86_64-pc-linux-gnu/11.2.0/:/usr/local/gcc-11.2.0/libexec/gcc/x86_64-pc-linux-gnu/:/usr/local/gcc-11.2.0/lib/gcc/x86_64-pc-linux-gnu/11.2.0/:/usr/local/gcc-11.2.0/lib/gcc/x86_64-pc-linux-gnu/
LIBRARY_PATH=/usr/local/lib/../lib64/:/usr/local/lib/../lib64/:/usr/local/gcc-11.2.0/lib/gcc/x86_64-pc-linux-gnu/11.2.0/:/usr/local/gcc-11.2.0/lib/gcc/x86_64-pc-linux-gnu/11.2.0/../../../../lib64/:/lib/../lib64/:/usr/lib/../lib64/:/usr/local/lib/:/usr/local/lib/:/usr/local/gcc-11.2.0/lib/gcc/x86_64-pc-linux-gnu/11.2.0/../../../:/lib/:/usr/lib/
COLLECT_GCC_OPTIONS='-v' '-rdynamic' '-o' 'cmTC_de8f9' '-mtune=generic' '-march=x86-64' '-dumpdir' 'cmTC_de8f9.'
 /usr/local/gcc-11.2.0/libexec/gcc/x86_64-pc-linux-gnu/11.2.0/collect2 -plugin /usr/local/gcc-11.2.0/libexec/gcc/x86_64-pc-linux-gnu/11.2.0/liblto_plugin.so -plugin-opt=/usr/local/gcc-11.2.0/libexec/gcc/x86_64-pc-linux-gnu/11.2.0/lto-wrapper -plugin-opt=-fresolution=/tmp/ccOVV5lx.res -plugin-opt=-pass-through=-lgcc -plugin-opt=-pass-through=-lgcc_s -plugin-opt=-pass-through=-lc -plugin-opt=-pass-through=-lgcc -plugin-opt=-pass-through=-lgcc_s --eh-frame-hdr -m elf_x86_64 -export-dynamic -dynamic-linker /lib64/ld-linux-x86-64.so.2 -o cmTC_de8f9 /lib/../lib64/crt1.o /lib/../lib64/crti.o /usr/local/gcc-11.2.0/lib/gcc/x86_64-pc-linux-gnu/11.2.0/crtbegin.o -L/usr/local/lib/../lib64 -L/usr/local/lib/../lib64 -L/usr/local/gcc-11.2.0/lib/gcc/x86_64-pc-linux-gnu/11.2.0 -L/usr/local/gcc-11.2.0/lib/gcc/x86_64-pc-linux-gnu/11.2.0/../../../../lib64 -L/lib/../lib64 -L/usr/lib/../lib64 -L/usr/local/lib -L/usr/local/lib -L/usr/local/gcc-11.2.0/lib/gcc/x86_64-pc-linux-gnu/11.2.0/../../.. CMakeFiles/cmTC_de8f9.dir/CMakeCCompilerABI.c.o -lgcc --as-needed -lgcc_s --no-as-needed -lc -lgcc --as-needed -lgcc_s --no-as-needed /usr/local/gcc-11.2.0/lib/gcc/x86_64-pc-linux-gnu/11.2.0/crtend.o /lib/../lib64/crtn.o
COLLECT_GCC_OPTIONS='-v' '-rdynamic' '-o' 'cmTC_de8f9' '-mtune=generic' '-march=x86-64' '-dumpdir' 'cmTC_de8f9.'



Parsed C implicit include dir info from above output: rv=done
  found start of include info
  found start of implicit include info
    add: [/usr/local/gcc-11.2.0/lib/gcc/x86_64-pc-linux-gnu/11.2.0/include]
    add: [/usr/local/include]
    add: [/usr/local/gcc-11.2.0/include]
    add: [/usr/local/gcc-11.2.0/lib/gcc/x86_64-pc-linux-gnu/11.2.0/include-fixed]
    add: [/usr/include]
  end of search list found
  collapse include dir [/usr/local/gcc-11.2.0/lib/gcc/x86_64-pc-linux-gnu/11.2.0/include] ==> [/usr/local/gcc-11.2.0/lib/gcc/x86_64-pc-linux-gnu/11.2.0/include]
  collapse include dir [/usr/local/include] ==> [/usr/local/include]
  collapse include dir [/usr/local/gcc-11.2.0/include] ==> [/usr/local/gcc-11.2.0/include]
  collapse include dir [/usr/local/gcc-11.2.0/lib/gcc/x86_64-pc-linux-gnu/11.2.0/include-fixed] ==> [/usr/local/gcc-11.2.0/lib/gcc/x86_64-pc-linux-gnu/11.2.0/include-fixed]
  collapse include dir [/usr/include] ==> [/usr/include]
  implicit include dirs: [/usr/local/gcc-11.2.0/lib/gcc/x86_64-pc-linux-gnu/11.2.0/include;/usr/local/include;/usr/local/gcc-11.2.0/include;/usr/local/gcc-11.2.0/lib/gcc/x86_64-pc-linux-gnu/11.2.0/include-fixed;/usr/include]


Parsed C implicit link information from above output:
  link line regex: [^( *|.*[/\])(ld|CMAKE_LINK_STARTFILE-NOTFOUND|([^/\]+-)?ld|collect2)[^/\]*( |$)]
  ignore line: [Change Dir: /home/glf/MPRPC/build/CMakeFiles/CMakeTmp]
  ignore line: []
  ignore line: [Run Build Command(s):/usr/bin/ninja-build cmTC_de8f9 && [1/2] Building C object CMakeFiles/cmTC_de8f9.dir/CMakeCCompilerABI.c.o]
  ignore line: [Using built-in specs.]
  ignore line: [COLLECT_GCC=/usr/local/bin/gcc-11]
  ignore line: [Target: x86_64-pc-linux-gnu]
  ignore line: [Configured with: /home/gccbuild/gcc-11.2.0/configure --disable-multilib --enable-languages=c c++ --prefix=/usr/local/gcc-11.2.0]
  ignore line: [Thread model: posix]
  ignore line: [Supported LTO compression algorithms: zlib]
  ignore line: [gcc version 11.2.0 (GCC) ]
  ignore line: [COLLECT_GCC_OPTIONS='-v' '-o' 'CMakeFiles/cmTC_de8f9.dir/CMakeCCompilerABI.c.o' '-c' '-mtune=generic' '-march=x86-64' '-dumpdir' 'CMakeFiles/cmTC_de8f9.dir/']
  ignore line: [ /usr/local/gcc-11.2.0/libexec/gcc/x86_64-pc-linux-gnu/11.2.0/cc1 -quiet -v /usr/share/cmake3/Modules/CMakeCCompilerABI.c -quiet -dumpdir CMakeFiles/cmTC_de8f9.dir/ -dumpbase CMakeCCompilerABI.c.c -dumpbase-ext .c -mtune=generic -march=x86-64 -version -o /tmp/ccPOHHzw.s]
  ignore line: [GNU C17 (GCC) version 11.2.0 (x86_64-pc-linux-gnu)]
  ignore line: [	compiled by GNU C version 11.2.0  GMP version 6.1.0  MPFR version 3.1.6  MPC version 1.0.3  isl version isl-0.18-GMP]
  ignore line: []
  ignore line: [GGC heuristics: --param ggc-min-expand=100 --param ggc-min-heapsize=131072]
  ignore line: [ignoring nonexistent directory "/usr/local/gcc-11.2.0/lib/gcc/x86_64-pc-linux-gnu/11.2.0/../../../../x86_64-pc-linux-gnu/include"]
  ignore line: [#include "..." search starts here:]
  ignore line: [#include <...> search starts here:]
  ignore line: [ /usr/local/gcc-11.2.0/lib/gcc/x86_64-pc-linux-gnu/11.2.0/include]
  ignore line: [ /usr/local/include]
  ignore line: [ /usr/local/gcc-11.2.0/include]
  ignore line: [ /usr/local/gcc-11.2.0/lib/gcc/x86_64-pc-linux-gnu/11.2.0/include-fixed]
  ignore line: [ /usr/include]
  ignore line: [End of search list.]
  ignore line: [GNU C17 (GCC) version 11.2.0 (x86_64-pc-linux-gnu)]
  ignore line: [	compiled by GNU C version 11.2.0  GMP version 6.1.0  MPFR version 3.1.6  MPC version 1.0.3  isl version isl-0.18-GMP]
  ignore line: []
  ignore line: [GGC heuristics: --param ggc-min-expand=100 --param ggc-min-heapsize=131072]
  ignore line: [Compiler executable checksum: 2f7a36777982a33248c7e599ca72fb27]
  ignore line: [COLLECT_GCC_OPTIONS='-v' '-o' 'CMakeFiles/cmTC_de8f9.dir/CMakeCCompilerABI.c.o' '-c' '-mtune=generic' '-march=x86-64' '-dumpdir' 'CMakeFiles/cmTC_de8f9.dir/']
  ignore line: [ as -v --64 -o CMakeFiles/cmTC_de8f9.dir/CMakeCCompilerABI.c.o /tmp/ccPOHHzw.s]
  ignore line: [GNU assembler version 2.27 (x86_64-redhat-linux) using BFD version version 2.27-44.base.el7_9.1]
  ignore line: [COMPILER_PATH=/usr/local/gcc-11.2.0/libexec/gcc/x86_64-pc-linux-gnu/11.2.0/:/usr/local/gcc-11.2.0/libexec/gcc/x86_64-pc-linux-gnu/11.2.0/:/usr/local/gcc-11.2.0/libexec/gcc/x86_64-pc-linux-gnu/:/usr/local/gcc-11.2.0/lib/gcc/x86_64-pc-linux-gnu/11.2.0/:/usr/local/gcc-11.2.0/lib/gcc/x86_64-pc-linux-gnu/]
  ignore line: [LIBRARY_PATH=/usr/local/lib/../lib64/:/usr/local/lib/../lib64/:/usr/local/gcc-11.2.0/lib/gcc/x86_64-pc-linux-gnu/11.2.0/:/usr/local/gcc-11.2.0/lib/gcc/x86_64-pc-linux-gnu/11.2.0/../../../../lib64/:/lib/../lib64/:/usr/lib/../lib64/:/usr/local/lib/:/usr/local/lib/:/usr/local/gcc-11.2.0/lib/gcc/x86_64-pc-linux-gnu/11.2.0/../../../:/lib/:/usr/lib/]
  ignore line: [COLLECT_GCC_OPTIONS='-v' '-o' 'CMakeFiles/cmTC_de8f9.dir/CMakeCCompilerABI.c.o' '-c' '-mtune=generic' '-march=x86-64' '-dumpdir' 'CMakeFiles/cmTC_de8f9.dir/CMakeCCompilerABI.c.']
  ignore line: [[2/2] Linking C executable cmTC_de8f9]
  ignore line: [Using built-in specs.]
  ignore line: [COLLECT_GCC=/usr/local/bin/gcc-11]
  ignore line: [COLLECT_LTO_WRAPPER=/usr/local/gcc-11.2.0/libexec/gcc/x86_64-pc-linux-gnu/11.2.0/lto-wrapper]
  ignore line: [Target: x86_64-pc-linux-gnu]
  ignore line: [Configured with: /home/gccbuild/gcc-11.2.0/configure --disable-multilib --enable-languages=c c++ --prefix=/usr/local/gcc-11.2.0]
  ignore line: [Thread model: posix]
  ignore line: [Supported LTO compression algorithms: zlib]
  ignore line: [gcc version 11.2.0 (GCC) ]
  ignore line: [COMPILER_PATH=/usr/local/gcc-11.2.0/libexec/gcc/x86_64-pc-linux-gnu/11.2.0/:/usr/local/gcc-11.2.0/libexec/gcc/x86_64-pc-linux-gnu/11.2.0/:/usr/local/gcc-11.2.0/libexec/gcc/x86_64-pc-linux-gnu/:/usr/local/gcc-11.2.0/lib/gcc/x86_64-pc-linux-gnu/11.2.0/:/usr/local/gcc-11.2.0/lib/gcc/x86_64-pc-linux-gnu/]
  ignore line: [LIBRARY_PATH=/usr/local/lib/../lib64/:/usr/local/lib/../lib64/:/usr/local/gcc-11.2.0/lib/gcc/x86_64-pc-linux-gnu/11.2.0/:/usr/local/gcc-11.2.0/lib/gcc/x86_64-pc-linux-gnu/11.2.0/../../../../lib64/:/lib/../lib64/:/usr/lib/../lib64/:/usr/local/lib/:/usr/local/lib/:/usr/local/gcc-11.2.0/lib/gcc/x86_64-pc-linux-gnu/11.2.0/../../../:/lib/:/usr/lib/]
  ignore line: [COLLECT_GCC_OPTIONS='-v' '-rdynamic' '-o' 'cmTC_de8f9' '-mtune=generic' '-march=x86-64' '-dumpdir' 'cmTC_de8f9.']
  link line: [ /usr/local/gcc-11.2.0/libexec/gcc/x86_64-pc-linux-gnu/11.2.0/collect2 -plugin /usr/local/gcc-11.2.0/libexec/gcc/x86_64-pc-linux-gnu/11.2.0/liblto_plugin.so -plugin-opt=/usr/local/gcc-11.2.0/libexec/gcc/x86_64-pc-linux-gnu/11.2.0/lto-wrapper -plugin-opt=-fresolution=/tmp/ccOVV5lx.res -plugin-opt=-pass-through=-lgcc -plugin-opt=-pass-through=-lgcc_s -plugin-opt=-pass-through=-lc -plugin-opt=-pass-through=-lgcc -plugin-opt=-pass-through=-lgcc_s --eh-frame-hdr -m elf_x86_64 -export-dynamic -dynamic-linker /lib64/ld-linux-x86-64.so.2 -o cmTC_de8f9 /lib/../lib64/crt1.o /lib/../lib64/crti.o /usr/local/gcc-11.2.0/lib/gcc/x86_64-pc-linux-gnu/11.2.0/crtbegin.o -L/usr/local/lib/../lib64 -L/usr/local/lib/../lib64 -L/usr/local/gcc-11.2.0/lib/gcc/x86_64-pc-linux-gnu/11.2.0 -L/usr/local/gcc-11.2.0/lib/gcc/x86_64-pc-linux-gnu/11.2.0/../../../../lib64 -L/lib/../lib64 -L/usr/lib/../lib64 -L/usr/local/lib -L/usr/local/lib -L/usr/local/gcc-11.2.0/lib/gcc/x86_64-pc-linux-gnu/11.2.0/../../.. CMakeFiles/cmTC_de8f9.dir/CMakeCCompilerABI.c.o -lgcc --as-needed -lgcc_s --no-as-needed -lc -lgcc --as-needed -lgcc_s --no-as-needed /usr/local/gcc-11.2.0/lib/gcc/x86_64-pc-linux-gnu/11.2.0/crtend.o /lib/../lib64/crtn.o]
    arg [/usr/local/gcc-11.2.0/libexec/gcc/x86_64-pc-linux-gnu/11.2.0/collect2] ==> ignore
    arg [-plugin] ==> ignore
    arg [/usr/local/gcc-11.2.0/libexec/gcc/x86_64-pc-linux-gnu/11.2.0/liblto_plugin.so] ==> ignore
    arg [-plugin-opt=/usr/local/gcc-11.2.0/libexec/gcc/x86_64-pc-linux-gnu/11.2.0/lto-wrapper] ==> ignore
    arg [-plugin-opt=-fresolution=/tmp/ccOVV5lx.res] ==> ignore
    arg [-plugin-opt=-pass-through=-lgcc] ==> ignore
    arg [-plugin-opt=-pass-through=-lgcc_s] ==> ignore
    arg [-plugin-opt=-pass-through=-lc] ==> ignore
    arg [-plugin-opt=-pass-through=-lgcc] ==> ignore
    arg [-plugin-opt=-pass-through=-lgcc_s] ==> ignore
    arg [--eh-frame-hdr] ==> ignore
    arg [-m] ==> ignore
    arg [elf_x86_64] ==> ignore
    arg [-export-dynamic] ==> ignore
    arg [-dynamic-linker] ==> ignore
    arg [/lib64/ld-linux-x86-64.so.2] ==> ignore
    arg [-o] ==> ignore
    arg [cmTC_de8f9] ==> ignore
    arg [/lib/../lib64/crt1.o] ==> ignore
    arg [/lib/../lib64/crti.o] ==> ignore
    arg [/usr/local/gcc-11.2.0/lib/gcc/x86_64-pc-linux-gnu/11.2.0/crtbegin.o] ==> ignore
    arg [-L/usr/local/lib/../lib64] ==> dir [/usr/local/lib/../lib64]
    arg [-L/usr/local/lib/../lib64] ==> dir [/usr/local/lib/../lib64]
    arg [-L/usr/local/gcc-11.2.0/lib/gcc/x86_64-pc-linux-gnu/11.2.0] ==> dir [/usr/local/gcc-11.2.0/lib/gcc/x86_64-pc-linux-gnu/11.2.0]
    arg [-L/usr/local/gcc-11.2.0/lib/gcc/x86_64-pc-linux-gnu/11.2.0/../../../../lib64] ==> dir [/usr/local/gcc-11.2.0/lib/gcc/x86_64-pc-linux-gnu/11.2.0/../../../../lib64]
    arg [-L/lib/../lib64] ==> dir [/lib/../lib64]
    arg [-L/usr/lib/../lib64] ==> dir [/usr/lib/../lib64]
    arg [-L/usr/local/lib] ==> dir [/usr/local/lib]
    arg [-L/usr/local/lib] ==> dir [/usr/local/lib]
    arg [-L/usr/local/gcc-11.2.0/lib/gcc/x86_64-pc-linux-gnu/11.2.0/../../..] ==> dir [/usr/local/gcc-11.2.0/lib/gcc/x86_64-pc-linux-gnu/11.2.0/../../..]
    arg [CMakeFiles/cmTC_de8f9.dir/CMakeCCompilerABI.c.o] ==> ignore
    arg [-lgcc] ==> lib [gcc]
    arg [--as-needed] ==> ignore
    arg [-lgcc_s] ==> lib [gcc_s]
    arg [--no-as-needed] ==> ignore
    arg [-lc] ==> lib [c]
    arg [-lgcc] ==> lib [gcc]
    arg [--as-needed] ==> ignore
    arg [-lgcc_s] ==> lib [gcc_s]
    arg [--no-as-needed] ==> ignore
    arg [/usr/local/gcc-11.2.0/lib/gcc/x86_64-pc-linux-gnu/11.2.0/crtend.o] ==> ignore
    arg [/lib/../lib64/crtn.o] ==> ignore
  collapse library dir [/usr/local/lib/../lib64] ==> [/usr/local/lib64]
  collapse library dir [/usr/local/lib/../lib64] ==> [/usr/local/lib64]
  collapse library dir [/usr/local/gcc-11.2.0/lib/gcc/x86_64-pc-linux-gnu/11.2.0] ==> [/usr/local/gcc-11.2.0/lib/gcc/x86_64-pc-linux-gnu/11.2.0]
  collapse library dir [/usr/local/gcc-11.2.0/lib/gcc/x86_64-pc-linux-gnu/11.2.0/../../../../lib64] ==> [/usr/local/gcc-11.2.0/lib64]
  collapse library dir [/lib/../lib64] ==> [/lib64]
  collapse library dir [/usr/lib/../lib64] ==> [/usr/lib64]
  collapse library dir [/usr/local/lib] ==> [/usr/local/lib]
  collapse library dir [/usr/local/lib] ==> [/usr/local/lib]
  collapse library dir [/usr/local/gcc-11.2.0/lib/gcc/x86_64-pc-linux-gnu/11.2.0/../../..] ==> [/usr/local/gcc-11.2.0/lib]
  implicit libs: [gcc;gcc_s;c;gcc;gcc_s]
  implicit dirs: [/usr/local/lib64;/usr/local/gcc-11.2.0/lib/gcc/x86_64-pc-linux-gnu/11.2.0;/usr/local/gcc-11.2.0/lib64;/lib64;/usr/lib64;/usr/local/lib;/usr/local/gcc-11.2.0/lib]
  implicit fwks: []


Determining if the CXX compiler works passed with the following output:
Change Dir: /home/glf/MPRPC/build/CMakeFiles/CMakeTmp

Run Build Command(s):/usr/bin/ninja-build cmTC_0ce5e && [1/2] Building CXX object CMakeFiles/cmTC_0ce5e.dir/testCXXCompiler.cxx.o
[2/2] Linking CXX executable cmTC_0ce5e



Detecting CXX compiler ABI info compiled with the following output:
Change Dir: /home/glf/MPRPC/build/CMakeFiles/CMakeTmp

Run Build Command(s):/usr/bin/ninja-build cmTC_4ddb9 && [1/2] Building CXX object CMakeFiles/cmTC_4ddb9.dir/CMakeCXXCompilerABI.cpp.o
Using built-in specs.
COLLECT_GCC=/usr/local/bin/g++-11
Target: x86_64-pc-linux-gnu
Configured with: /home/gccbuild/gcc-11.2.0/configure --disable-multilib --enable-languages=c,c++ --prefix=/usr/local/gcc-11.2.0
Thread model: posix
Supported LTO compression algorithms: zlib
gcc version 11.2.0 (GCC) 
COLLECT_GCC_OPTIONS='-std=c++11' '-v' '-o' 'CMakeFiles/cmTC_4ddb9.dir/CMakeCXXCompilerABI.cpp.o' '-c' '-shared-libgcc' '-mtune=generic' '-march=x86-64' '-dumpdir' 'CMakeFiles/cmTC_4ddb9.dir/'
 /usr/local/gcc-11.2.0/libexec/gcc/x86_64-pc-linux-gnu/11.2.0/cc1plus -quiet -v -D_GNU_SOURCE /usr/share/cmake3/Modules/CMakeCXXCompilerABI.cpp -quiet -dumpdir CMakeFiles/cmTC_4ddb9.dir/ -dumpbase CMakeCXXCompilerABI.cpp.cpp -dumpbase-ext .cpp -mtune=generic -march=x86-64 -std=c++11 -version -o /tmp/ccE3jfl6.s
GNU C++11 (GCC) version 11.2.0 (x86_64-pc-linux-gnu)
	compiled by GNU C version 11.2.0, GMP version 6.1.0, MPFR version 3.1.6, MPC version 1.0.3, isl version isl-0.18-GMP

GGC heuristics: --param ggc-min-expand=100 --param ggc-min-heapsize=131072
ignoring nonexistent directory "/usr/local/include/google/protobuf"
ignoring nonexistent directory "/usr/local/include/google/protobuf"
ignoring nonexistent directory "/usr/local/gcc-11.2.0/lib/gcc/x86_64-pc-linux-gnu/11.2.0/../../../../x86_64-pc-linux-gnu/include"
#include "..." search starts here:
#include <...> search starts here:
 /usr/local/gcc-11.2.0/lib/gcc/x86_64-pc-linux-gnu/11.2.0/../../../../include/c++/11.2.0
 /usr/local/gcc-11.2.0/lib/gcc/x86_64-pc-linux-gnu/11.2.0/../../../../include/c++/11.2.0/x86_64-pc-linux-gnu
 /usr/local/gcc-11.2.0/lib/gcc/x86_64-pc-linux-gnu/11.2.0/../../../../include/c++/11.2.0/backward
 /usr/local/gcc-11.2.0/lib/gcc/x86_64-pc-linux-gnu/11.2.0/include
 /usr/local/include
 /usr/local/gcc-11.2.0/include
 /usr/local/gcc-11.2.0/lib/gcc/x86_64-pc-linux-gnu/11.2.0/include-fixed
 /usr/include
End of search list.
GNU C++11 (GCC) version 11.2.0 (x86_64-pc-linux-gnu)
	compiled by GNU C version 11.2.0, GMP version 6.1.0, MPFR version 3.1.6, MPC version 1.0.3, isl version isl-0.18-GMP

GGC heuristics: --param ggc-min-expand=100 --param ggc-min-heapsize=131072
Compiler executable checksum: bb7652b1794150b572451130badab799
COLLECT_GCC_OPTIONS='-std=c++11' '-v' '-o' 'CMakeFiles/cmTC_4ddb9.dir/CMakeCXXCompilerABI.cpp.o' '-c' '-shared-libgcc' '-mtune=generic' '-march=x86-64' '-dumpdir' 'CMakeFiles/cmTC_4ddb9.dir/'
 as -v --64 -o CMakeFiles/cmTC_4ddb9.dir/CMakeCXXCompilerABI.cpp.o /tmp/ccE3jfl6.s
GNU assembler version 2.27 (x86_64-redhat-linux) using BFD version version 2.27-44.base.el7_9.1
COMPILER_PATH=/usr/local/gcc-11.2.0/libexec/gcc/x86_64-pc-linux-gnu/11.2.0/:/usr/local/gcc-11.2.0/libexec/gcc/x86_64-pc-linux-gnu/11.2.0/:/usr/local/gcc-11.2.0/libexec/gcc/x86_64-pc-linux-gnu/:/usr/local/gcc-11.2.0/lib/gcc/x86_64-pc-linux-gnu/11.2.0/:/usr/local/gcc-11.2.0/lib/gcc/x86_64-pc-linux-gnu/
LIBRARY_PATH=/usr/local/lib/../lib64/:/usr/local/lib/../lib64/:/usr/local/gcc-11.2.0/lib/gcc/x86_64-pc-linux-gnu/11.2.0/:/usr/local/gcc-11.2.0/lib/gcc/x86_64-pc-linux-gnu/11.2.0/../../../../lib64/:/lib/../lib64/:/usr/lib/../lib64/:/usr/local/lib/:/usr/local/lib/:/usr/local/gcc-11.2.0/lib/gcc/x86_64-pc-linux-gnu/11.2.0/../../../:/lib/:/usr/lib/
COLLECT_GCC_OPTIONS='-std=c++11' '-v' '-o' 'CMakeFiles/cmTC_4ddb9.dir/CMakeCXXCompilerABI.cpp.o' '-c' '-shared-libgcc' '-mtune=generic' '-march=x86-64' '-dumpdir' 'CMakeFiles/cmTC_4ddb9.dir/CMakeCXXCompilerABI.cpp.'
[2/2] Linking CXX executable cmTC_4ddb9
Using built-in specs.
COLLECT_GCC=/usr/local/bin/g++-11
COLLECT_LTO_WRAPPER=/usr/local/gcc-11.2.0/libexec/gcc/x86_64-pc-linux-gnu/11.2.0/lto-wrapper
Target: x86_64-pc-linux-gnu
Configured with: /home/gccbuild/gcc-11.2.0/configure --disable-multilib --enable-languages=c,c++ --prefix=/usr/local/gcc-11.2.0
Thread model: posix
Supported LTO compression algorithms: zlib
gcc version 11.2.0 (GCC) 
COMPILER_PATH=/usr/local/gcc-11.2.0/libexec/gcc/x86_64-pc-linux-gnu/11.2.0/:/usr/local/gcc-11.2.0/libexec/gcc/x86_64-pc-linux-gnu/11.2.0/:/usr/local/gcc-11.2.0/libexec/gcc/x86_64-pc-linux-gnu/:/usr/local/gcc-11.2.0/lib/gcc/x86_64-pc-linux-gnu/11.2.0/:/usr/local/gcc-11.2.0/lib/gcc/x86_64-pc-linux-gnu/
LIBRARY_PATH=/usr/local/lib/../lib64/:/usr/local/lib/../lib64/:/usr/local/gcc-11.2.0/lib/gcc/x86_64-pc-linux-gnu/11.2.0/:/usr/local/gcc-11.2.0/lib/gcc/x86_64-pc-linux-gnu/11.2.0/../../../../lib64/:/lib/../lib64/:/usr/lib/../lib64/:/usr/local/lib/:/usr/local/lib/:/usr/local/gcc-11.2.0/lib/gcc/x86_64-pc-linux-gnu/11.2.0/../../../:/lib/:/usr/lib/
COLLECT_GCC_OPTIONS='-std=c++11' '-v' '-rdynamic' '-o' 'cmTC_4ddb9' '-shared-libgcc' '-mtune=generic' '-march=x86-64' '-dumpdir' 'cmTC_4ddb9.'
 /usr/local/gcc-11.2.0/libexec/gcc/x86_64-pc-linux-gnu/11.2.0/collect2 -plugin /usr/local/gcc-11.2.0/libexec/gcc/x86_64-pc-linux-gnu/11.2.0/liblto_plugin.so -plugin-opt=/usr/local/gcc-11.2.0/libexec/gcc/x86_64-pc-linux-gnu/11.2.0/lto-wrapper -plugin-opt=-fresolution=/tmp/ccWYPC0a.res -plugin-opt=-pass-through=-lgcc_s -plugin-opt=-pass-through=-lgcc -plugin-opt=-pass-through=-lc -plugin-opt=-pass-through=-lgcc_s -plugin-opt=-pass-through=-lgcc --eh-frame-hdr -m elf_x86_64 -export-dynamic -dynamic-linker /lib64/ld-linux-x86-64.so.2 -o cmTC_4ddb9 /lib/../lib64/crt1.o /lib/../lib64/crti.o /usr/local/gcc-11.2.0/lib/gcc/x86_64-pc-linux-gnu/11.2.0/crtbegin.o -L/usr/local/lib/../lib64 -L/usr/local/lib/../lib64 -L/usr/local/gcc-11.2.0/lib/gcc/x86_64-pc-linux-gnu/11.2.0 -L/usr/local/gcc-11.2.0/lib/gcc/x86_64-pc-linux-gnu/11.2.0/../../../../lib64 -L/lib/../lib64 -L/usr/lib/../lib64 -L/usr/local/lib -L/usr/local/lib -L/usr/local/gcc-11.2.0/lib/gcc/x86_64-pc-linux-gnu/11.2.0/../../.. CMakeFiles/cmTC_4ddb9.dir/CMakeCXXCompilerABI.cpp.o -lstdc++ -lm -lgcc_s -lgcc -lc -lgcc_s -lgcc /usr/local/gcc-11.2.0/lib/gcc/x86_64-pc-linux-gnu/11.2.0/crtend.o /lib/../lib64/crtn.o
COLLECT_GCC_OPTIONS='-std=c++11' '-v' '-rdynamic' '-o' 'cmTC_4ddb9' '-shared-libgcc' '-mtune=generic' '-march=x86-64' '-dumpdir' 'cmTC_4ddb9.'



Parsed CXX implicit include dir info from above output: rv=done
  found start of include info
  found start of implicit include info
    add: [/usr/local/gcc-11.2.0/lib/gcc/x86_64-pc-linux-gnu/11.2.0/../../../../include/c++/11.2.0]
    add: [/usr/local/gcc-11.2.0/lib/gcc/x86_64-pc-linux-gnu/11.2.0/../../../../include/c++/11.2.0/x86_64-pc-linux-gnu]
    add: [/usr/local/gcc-11.2.0/lib/gcc/x86_64-pc-linux-gnu/11.2.0/../../../../include/c++/11.2.0/backward]
    add: [/usr/local/gcc-11.2.0/lib/gcc/x86_64-pc-linux-gnu/11.2.0/include]
    add: [/usr/local/include]
    add: [/usr/local/gcc-11.2.0/include]
    add: [/usr/local/gcc-11.2.0/lib/gcc/x86_64-pc-linux-gnu/11.2.0/include-fixed]
    add: [/usr/include]
  end of search list found
  collapse include dir [/usr/local/gcc-11.2.0/lib/gcc/x86_64-pc-linux-gnu/11.2.0/../../../../include/c++/11.2.0] ==> [/usr/local/gcc-11.2.0/include/c++/11.2.0]
  collapse include dir [/usr/local/gcc-11.2.0/lib/gcc/x86_64-pc-linux-gnu/11.2.0/../../../../include/c++/11.2.0/x86_64-pc-linux-gnu] ==> [/usr/local/gcc-11.2.0/include/c++/11.2.0/x86_64-pc-linux-gnu]
  collapse include dir [/usr/local/gcc-11.2.0/lib/gcc/x86_64-pc-linux-gnu/11.2.0/../../../../include/c++/11.2.0/backward] ==> [/usr/local/gcc-11.2.0/include/c++/11.2.0/backward]
  collapse include dir [/usr/local/gcc-11.2.0/lib/gcc/x86_64-pc-linux-gnu/11.2.0/include] ==> [/usr/local/gcc-11.2.0/lib/gcc/x86_64-pc-linux-gnu/11.2.0/include]
  collapse include dir [/usr/local/include] ==> [/usr/local/include]
  collapse include dir [/usr/local/gcc-11.2.0/include] ==> [/usr/local/gcc-11.2.0/include]
  collapse include dir [/usr/local/gcc-11.2.0/lib/gcc/x86_64-pc-linux-gnu/11.2.0/include-fixed] ==> [/usr/local/gcc-11.2.0/lib/gcc/x86_64-pc-linux-gnu/11.2.0/include-fixed]
  collapse include dir [/usr/include] ==> [/usr/include]
  implicit include dirs: [/usr/local/gcc-11.2.0/include/c++/11.2.0;/usr/local/gcc-11.2.0/include/c++/11.2.0/x86_64-pc-linux-gnu;/usr/local/gcc-11.2.0/include/c++/11.2.0/backward;/usr/local/gcc-11.2.0/lib/gcc/x86_64-pc-linux-gnu/11.2.0/include;/usr/local/include;/usr/local/gcc-11.2.0/include;/usr/local/gcc-11.2.0/lib/gcc/x86_64-pc-linux-gnu/11.2.0/include-fixed;/usr/include]


Parsed CXX implicit link information from above output:
  link line regex: [^( *|.*[/\])(ld|CMAKE_LINK_STARTFILE-NOTFOUND|([^/\]+-)?ld|collect2)[^/\]*( |$)]
  ignore line: [Change Dir: /home/glf/MPRPC/build/CMakeFiles/CMakeTmp]
  ignore line: []
  ignore line: [Run Build Command(s):/usr/bin/ninja-build cmTC_4ddb9 && [1/2] Building CXX object CMakeFiles/cmTC_4ddb9.dir/CMakeCXXCompilerABI.cpp.o]
  ignore line: [Using built-in specs.]
  ignore line: [COLLECT_GCC=/usr/local/bin/g++-11]
  ignore line: [Target: x86_64-pc-linux-gnu]
  ignore line: [Configured with: /home/gccbuild/gcc-11.2.0/configure --disable-multilib --enable-languages=c c++ --prefix=/usr/local/gcc-11.2.0]
  ignore line: [Thread model: posix]
  ignore line: [Supported LTO compression algorithms: zlib]
  ignore line: [gcc version 11.2.0 (GCC) ]
  ignore line: [COLLECT_GCC_OPTIONS='-std=c++11' '-v' '-o' 'CMakeFiles/cmTC_4ddb9.dir/CMakeCXXCompilerABI.cpp.o' '-c' '-shared-libgcc' '-mtune=generic' '-march=x86-64' '-dumpdir' 'CMakeFiles/cmTC_4ddb9.dir/']
  ignore line: [ /usr/local/gcc-11.2.0/libexec/gcc/x86_64-pc-linux-gnu/11.2.0/cc1plus -quiet -v -D_GNU_SOURCE /usr/share/cmake3/Modules/CMakeCXXCompilerABI.cpp -quiet -dumpdir CMakeFiles/cmTC_4ddb9.dir/ -dumpbase CMakeCXXCompilerABI.cpp.cpp -dumpbase-ext .cpp -mtune=generic -march=x86-64 -std=c++11 -version -o /tmp/ccE3jfl6.s]
  ignore line: [GNU C++11 (GCC) version 11.2.0 (x86_64-pc-linux-gnu)]
  ignore line: [	compiled by GNU C version 11.2.0  GMP version 6.1.0  MPFR version 3.1.6  MPC version 1.0.3  isl version isl-0.18-GMP]
  ignore line: []
  ignore line: [GGC heuristics: --param ggc-min-expand=100 --param ggc-min-heapsize=131072]
  ignore line: [ignoring nonexistent directory "/usr/local/include/google/protobuf"]
  ignore line: [ignoring nonexistent directory "/usr/local/include/google/protobuf"]
  ignore line: [ignoring nonexistent directory "/usr/local/gcc-11.2.0/lib/gcc/x86_64-pc-linux-gnu/11.2.0/../../../../x86_64-pc-linux-gnu/include"]
  ignore line: [#include "..." search starts here:]
  ignore line: [#include <...> search starts here:]
  ignore line: [ /usr/local/gcc-11.2.0/lib/gcc/x86_64-pc-linux-gnu/11.2.0/../../../../include/c++/11.2.0]
  ignore line: [ /usr/local/gcc-11.2.0/lib/gcc/x86_64-pc-linux-gnu/11.2.0/../../../../include/c++/11.2.0/x86_64-pc-linux-gnu]
  ignore line: [ /usr/local/gcc-11.2.0/lib/gcc/x86_64-pc-linux-gnu/11.2.0/../../../../include/c++/11.2.0/backward]
  ignore line: [ /usr/local/gcc-11.2.0/lib/gcc/x86_64-pc-linux-gnu/11.2.0/include]
  ignore line: [ /usr/local/include]
  ignore line: [ /usr/local/gcc-11.2.0/include]
  ignore line: [ /usr/local/gcc-11.2.0/lib/gcc/x86_64-pc-linux-gnu/11.2.0/include-fixed]
  ignore line: [ /usr/include]
  ignore line: [End of search list.]
  ignore line: [GNU C++11 (GCC) version 11.2.0 (x86_64-pc-linux-gnu)]
  ignore line: [	compiled by GNU C version 11.2.0  GMP version 6.1.0  MPFR version 3.1.6  MPC version 1.0.3  isl version isl-0.18-GMP]
  ignore line: []
  ignore line: [GGC heuristics: --param ggc-min-expand=100 --param ggc-min-heapsize=131072]
  ignore line: [Compiler executable checksum: bb7652b1794150b572451130badab799]
  ignore line: [COLLECT_GCC_OPTIONS='-std=c++11' '-v' '-o' 'CMakeFiles/cmTC_4ddb9.dir/CMakeCXXCompilerABI.cpp.o' '-c' '-shared-libgcc' '-mtune=generic' '-march=x86-64' '-dumpdir' 'CMakeFiles/cmTC_4ddb9.dir/']
  ignore line: [ as -v --64 -o CMakeFiles/cmTC_4ddb9.dir/CMakeCXXCompilerABI.cpp.o /tmp/ccE3jfl6.s]
  ignore line: [GNU assembler version 2.27 (x86_64-redhat-linux) using BFD version version 2.27-44.base.el7_9.1]
  ignore line: [COMPILER_PATH=/usr/local/gcc-11.2.0/libexec/gcc/x86_64-pc-linux-gnu/11.2.0/:/usr/local/gcc-11.2.0/libexec/gcc/x86_64-pc-linux-gnu/11.2.0/:/usr/local/gcc-11.2.0/libexec/gcc/x86_64-pc-linux-gnu/:/usr/local/gcc-11.2.0/lib/gcc/x86_64-pc-linux-gnu/11.2.0/:/usr/local/gcc-11.2.0/lib/gcc/x86_64-pc-linux-gnu/]
  ignore line: [LIBRARY_PATH=/usr/local/lib/../lib64/:/usr/local/lib/../lib64/:/usr/local/gcc-11.2.0/lib/gcc/x86_64-pc-linux-gnu/11.2.0/:/usr/local/gcc-11.2.0/lib/gcc/x86_64-pc-linux-gnu/11.2.0/../../../../lib64/:/lib/../lib64/:/usr/lib/../lib64/:/usr/local/lib/:/usr/local/lib/:/usr/local/gcc-11.2.0/lib/gcc/x86_64-pc-linux-gnu/11.2.0/../../../:/lib/:/usr/lib/]
  ignore line: [COLLECT_GCC_OPTIONS='-std=c++11' '-v' '-o' 'CMakeFiles/cmTC_4ddb9.dir/CMakeCXXCompilerABI.cpp.o' '-c' '-shared-libgcc' '-mtune=generic' '-march=x86-64' '-dumpdir' 'CMakeFiles/cmTC_4ddb9.dir/CMakeCXXCompilerABI.cpp.']
  ignore line: [[2/2] Linking CXX executable cmTC_4ddb9]
  ignore line: [Using built-in specs.]
  ignore line: [COLLECT_GCC=/usr/local/bin/g++-11]
  ignore line: [COLLECT_LTO_WRAPPER=/usr/local/gcc-11.2.0/libexec/gcc/x86_64-pc-linux-gnu/11.2.0/lto-wrapper]
  ignore line: [Target: x86_64-pc-linux-gnu]
  ignore line: [Configured with: /home/gccbuild/gcc-11.2.0/configure --disable-multilib --enable-languages=c c++ --prefix=/usr/local/gcc-11.2.0]
  ignore line: [Thread model: posix]
  ignore line: [Supported LTO compression algorithms: zlib]
  ignore line: [gcc version 11.2.0 (GCC) ]
  ignore line: [COMPILER_PATH=/usr/local/gcc-11.2.0/libexec/gcc/x86_64-pc-linux-gnu/11.2.0/:/usr/local/gcc-11.2.0/libexec/gcc/x86_64-pc-linux-gnu/11.2.0/:/usr/local/gcc-11.2.0/libexec/gcc/x86_64-pc-linux-gnu/:/usr/local/gcc-11.2.0/lib/gcc/x86_64-pc-linux-gnu/11.2.0/:/usr/local/gcc-11.2.0/lib/gcc/x86_64-pc-linux-gnu/]
  ignore line: [LIBRARY_PATH=/usr/local/lib/../lib64/:/usr/local/lib/../lib64/:/usr/local/gcc-11.2.0/lib/gcc/x86_64-pc-linux-gnu/11.2.0/:/usr/local/gcc-11.2.0/lib/gcc/x86_64-pc-linux-gnu/11.2.0/../../../../lib64/:/lib/../lib64/:/usr/lib/../lib64/:/usr/local/lib/:/usr/local/lib/:/usr/local/gcc-11.2.0/lib/gcc/x86_64-pc-linux-gnu/11.2.0/../../../:/lib/:/usr/lib/]
  ignore line: [COLLECT_GCC_OPTIONS='-std=c++11' '-v' '-rdynamic' '-o' 'cmTC_4ddb9' '-shared-libgcc' '-mtune=generic' '-march=x86-64' '-dumpdir' 'cmTC_4ddb9.']
  link line: [ /usr/local/gcc-11.2.0/libexec/gcc/x86_64-pc-linux-gnu/11.2.0/collect2 -plugin /usr/local/gcc-11.2.0/libexec/gcc/x86_64-pc-linux-gnu/11.2.0/liblto_plugin.so -plugin-opt=/usr/local/gcc-11.2.0/libexec/gcc/x86_64-pc-linux-gnu/11.2.0/lto-wrapper -plugin-opt=-fresolution=/tmp/ccWYPC0a.res -plugin-opt=-pass-through=-lgcc_s -plugin-opt=-pass-through=-lgcc -plugin-opt=-pass-through=-lc -plugin-opt=-pass-through=-lgcc_s -plugin-opt=-pass-through=-lgcc --eh-frame-hdr -m elf_x86_64 -export-dynamic -dynamic-linker /lib64/ld-linux-x86-64.so.2 -o cmTC_4ddb9 /lib/../lib64/crt1.o /lib/../lib64/crti.o /usr/local/gcc-11.2.0/lib/gcc/x86_64-pc-linux-gnu/11.2.0/crtbegin.o -L/usr/local/lib/../lib64 -L/usr/local/lib/../lib64 -L/usr/local/gcc-11.2.0/lib/gcc/x86_64-pc-linux-gnu/11.2.0 -L/usr/local/gcc-11.2.0/lib/gcc/x86_64-pc-linux-gnu/11.2.0/../../../../lib64 -L/lib/../lib64 -L/usr/lib/../lib64 -L/usr/local/lib -L/usr/local/lib -L/usr/local/gcc-11.2.0/lib/gcc/x86_64-pc-linux-gnu/11.2.0/../../.. CMakeFiles/cmTC_4ddb9.dir/CMakeCXXCompilerABI.cpp.o -lstdc++ -lm -lgcc_s -lgcc -lc -lgcc_s -lgcc /usr/local/gcc-11.2.0/lib/gcc/x86_64-pc-linux-gnu/11.2.0/crtend.o /lib/../lib64/crtn.o]
    arg [/usr/local/gcc-11.2.0/libexec/gcc/x86_64-pc-linux-gnu/11.2.0/collect2] ==> ignore
    arg [-plugin] ==> ignore
    arg [/usr/local/gcc-11.2.0/libexec/gcc/x86_64-pc-linux-gnu/11.2.0/liblto_plugin.so] ==> ignore
    arg [-plugin-opt=/usr/local/gcc-11.2.0/libexec/gcc/x86_64-pc-linux-gnu/11.2.0/lto-wrapper] ==> ignore
    arg [-plugin-opt=-fresolution=/tmp/ccWYPC0a.res] ==> ignore
    arg [-plugin-opt=-pass-through=-lgcc_s] ==> ignore
    arg [-plugin-opt=-pass-through=-lgcc] ==> ignore
    arg [-plugin-opt=-pass-through=-lc] ==> ignore
    arg [-plugin-opt=-pass-through=-lgcc_s] ==> ignore
    arg [-plugin-opt=-pass-through=-lgcc] ==> ignore
    arg [--eh-frame-hdr] ==> ignore
    arg [-m] ==> ignore
    arg [elf_x86_64] ==> ignore
    arg [-export-dynamic] ==> ignore
    arg [-dynamic-linker] ==> ignore
    arg [/lib64/ld-linux-x86-64.so.2] ==> ignore
    arg [-o] ==> ignore
    arg [cmTC_4ddb9] ==> ignore
    arg [/lib/../lib64/crt1.o] ==> ignore
    arg [/lib/../lib64/crti.o] ==> ignore
    arg [/usr/local/gcc-11.2.0/lib/gcc/x86_64-pc-linux-gnu/11.2.0/crtbegin.o] ==> ignore
    arg [-L/usr/local/lib/../lib64] ==> dir [/usr/local/lib/../lib64]
    arg [-L/usr/local/lib/../lib64] ==> dir [/usr/local/lib/../lib64]
    arg [-L/usr/local/gcc-11.2.0/lib/gcc/x86_64-pc-linux-gnu/11.2.0] ==> dir [/usr/local/gcc-11.2.0/lib/gcc/x86_64-pc-linux-gnu/11.2.0]
    arg [-L/usr/local/gcc-11.2.0/lib/gcc/x86_64-pc-linux-gnu/11.2.0/../../../../lib64] ==> dir [/usr/local/gcc-11.2.0/lib/gcc/x86_64-pc-linux-gnu/11.2.0/../../../../lib64]
    arg [-L/lib/../lib64] ==> dir [/lib/../lib64]
    arg [-L/usr/lib/../lib64] ==> dir [/usr/lib/../lib64]
    arg [-L/usr/local/lib] ==> dir [/usr/local/lib]
    arg [-L/usr/local/lib] ==> dir [/usr/local/lib]
    arg [-L/usr/local/gcc-11.2.0/lib/gcc/x86_64-pc-linux-gnu/11.2.0/../../..] ==> dir [/usr/local/gcc-11.2.0/lib/gcc/x86_64-pc-linux-gnu/11.2.0/../../..]
    arg [CMakeFiles/cmTC_4ddb9.dir/CMakeCXXCompilerABI.cpp.o] ==> ignore
    arg [-lstdc++] ==> lib [stdc++]
    arg [-lm] ==> lib [m]
    arg [-lgcc_s] ==> lib [gcc_s]
    arg [-lgcc] ==> lib [gcc]
    arg [-lc] ==> lib [c]
    arg [-lgcc_s] ==> lib [gcc_s]
    arg [-lgcc] ==> lib [gcc]
    arg [/usr/local/gcc-11.2.0/lib/gcc/x86_64-pc-linux-gnu/11.2.0/crtend.o] ==> ignore
    arg [/lib/../lib64/crtn.o] ==> ignore
  collapse library dir [/usr/local/lib/../lib64] ==> [/usr/local/lib64]
  collapse library dir [/usr/local/lib/../lib64] ==> [/usr/local/lib64]
  collapse library dir [/usr/local/gcc-11.2.0/lib/gcc/x86_64-pc-linux-gnu/11.2.0] ==> [/usr/local/gcc-11.2.0/lib/gcc/x86_64-pc-linux-gnu/11.2.0]
  collapse library dir [/usr/local/gcc-11.2.0/lib/gcc/x86_64-pc-linux-gnu/11.2.0/../../../../lib64] ==> [/usr/local/gcc-11.2.0/lib64]
  collapse library dir [/lib/../lib64] ==> [/lib64]
  collapse library dir [/usr/lib/../lib64] ==> [/usr/lib64]
  collapse library dir [/usr/local/lib] ==> [/usr/local/lib]
  collapse library dir [/usr/local/lib] ==> [/usr/local/lib]
  collapse library dir [/usr/local/gcc-11.2.0/lib/gcc/x86_64-pc-linux-gnu/11.2.0/../../..] ==> [/usr/local/gcc-11.2.0/lib]
  implicit libs: [stdc++;m;gcc_s;gcc;c;gcc_s;gcc]
  implicit dirs: [/usr/local/lib64;/usr/local/gcc-11.2.0/lib/gcc/x86_64-pc-linux-gnu/11.2.0;/usr/local/gcc-11.2.0/lib64;/lib64;/usr/lib64;/usr/local/lib;/usr/local/gcc-11.2.0/lib]
  implicit fwks: []


Determining if the include file pthread.h exists passed with the following output:
Change Dir: /home/glf/MPRPC/build/CMakeFiles/CMakeTmp

Run Build Command(s):/usr/bin/ninja-build cmTC_ece20 && [1/2] Building C object CMakeFiles/cmTC_ece20.dir/CheckIncludeFile.c.o
[2/2] Linking C executable cmTC_ece20



Determining if the function pthread_create exists in the pthread passed with the following output:
Change Dir: /home/glf/MPRPC/build/CMakeFiles/CMakeTmp

Run Build Command(s):/usr/bin/ninja-build cmTC_43426 && [1/2] Building C object CMakeFiles/cmTC_43426.dir/CheckFunctionExists.c.o
[2/2] Linking C executable cmTC_43426



Performing C++ SOURCE FILE Test HAVE_CXX_FLAG_STD_CXX11 succeeded with the following output:
Change Dir: /home/glf/MPRPC/build/CMakeFiles/CMakeTmp

Run Build Command(s):/usr/bin/ninja-build cmTC_bfa81 && [1/2] Building CXX object CMakeFiles/cmTC_bfa81.dir/src.cxx.o
[2/2] Linking CXX executable cmTC_bfa81


Source file was:
int main() { return 0; }
Performing C++ SOURCE FILE Test HAVE_CXX_FLAG_WALL succeeded with the following output:
Change Dir: /home/glf/MPRPC/build/CMakeFiles/CMakeTmp

Run Build Command(s):/usr/bin/ninja-build cmTC_a3fb7 && [1/2] Building CXX object CMakeFiles/cmTC_a3fb7.dir/src.cxx.o
[2/2] Linking CXX executable cmTC_a3fb7


Source file was:
int main() { return 0; }
Performing C++ SOURCE FILE Test HAVE_CXX_FLAG_WEXTRA succeeded with the following output:
Change Dir: /home/glf/MPRPC/build/CMakeFiles/CMakeTmp

Run Build Command(s):/usr/bin/ninja-build cmTC_03885 && [1/2] Building CXX object CMakeFiles/cmTC_03885.dir/src.cxx.o
[2/2] Linking CXX executable cmTC_03885


Source file was:
int main() { return 0; }
Performing C++ SOURCE FILE Test HAVE_CXX_FLAG_WSHADOW succeeded with the following output:
Change Dir: /home/glf/MPRPC/build/CMakeFiles/CMakeTmp

Run Build Command(s):/usr/bin/ninja-build cmTC_4c149 && [1/2] Building CXX object CMakeFiles/cmTC_4c149.dir/src.cxx.o
[2/2] Linking CXX executable cmTC_4c149


Source file was:
int main() { return 0; }
Performing C++ SOURCE FILE Test HAVE_CXX_FLAG_WERROR succeeded with the following output:
Change Dir: /home/glf/MPRPC/build/CMakeFiles/CMakeTmp

Run Build Command(s):/usr/bin/ninja-build cmTC_2195c && [1/2] Building CXX object CMakeFiles/cmTC_2195c.dir/src.cxx.o
[2/2] Linking CXX executable cmTC_2195c


Source file was:
int main() { return 0; }
Performing C++ SOURCE FILE Test HAVE_CXX_FLAG_PEDANTIC succeeded with the following output:
Change Dir: /home/glf/MPRPC/build/CMakeFiles/CMakeTmp

Run Build Command(s):/usr/bin/ninja-build cmTC_79214 && [1/2] Building CXX object CMakeFiles/cmTC_79214.dir/src.cxx.o
[2/2] Linking CXX executable cmTC_79214


Source file was:
int main() { return 0; }
Performing C++ SOURCE FILE Test HAVE_CXX_FLAG_PEDANTIC_ERRORS succeeded with the following output:
Change Dir: /home/glf/MPRPC/build/CMakeFiles/CMakeTmp

Run Build Command(s):/usr/bin/ninja-build cmTC_f21d5 && [1/2] Building CXX object CMakeFiles/cmTC_f21d5.dir/src.cxx.o
[2/2] Linking CXX executable cmTC_f21d5


Source file was:
int main() { return 0; }
Performing C++ SOURCE FILE Test HAVE_CXX_FLAG_FSTRICT_ALIASING succeeded with the following output:
Change Dir: /home/glf/MPRPC/build/CMakeFiles/CMakeTmp

Run Build Command(s):/usr/bin/ninja-build cmTC_d4678 && [1/2] Building CXX object CMakeFiles/cmTC_d4678.dir/src.cxx.o
[2/2] Linking CXX executable cmTC_d4678


Source file was:
int main() { return 0; }
Performing C++ SOURCE FILE Test HAVE_CXX_FLAG_WNO_DEPRECATED_DECLARATIONS succeeded with the following output:
Change Dir: /home/glf/MPRPC/build/CMakeFiles/CMakeTmp

Run Build Command(s):/usr/bin/ninja-build cmTC_d4f31 && [1/2] Building CXX object CMakeFiles/cmTC_d4f31.dir/src.cxx.o
[2/2] Linking CXX executable cmTC_d4f31


Source file was:
int main() { return 0; }
Performing C++ SOURCE FILE Test HAVE_CXX_FLAG_WNO_DEPRECATED succeeded with the following output:
Change Dir: /home/glf/MPRPC/build/CMakeFiles/CMakeTmp

Run Build Command(s):/usr/bin/ninja-build cmTC_8d632 && [1/2] Building CXX object CMakeFiles/cmTC_8d632.dir/src.cxx.o
[2/2] Linking CXX executable cmTC_8d632


Source file was:
int main() { return 0; }
Performing C++ SOURCE FILE Test HAVE_CXX_FLAG_WSTRICT_ALIASING succeeded with the following output:
Change Dir: /home/glf/MPRPC/build/CMakeFiles/CMakeTmp

Run Build Command(s):/usr/bin/ninja-build cmTC_f7ab7 && [1/2] Building CXX object CMakeFiles/cmTC_f7ab7.dir/src.cxx.o
[2/2] Linking CXX executable cmTC_f7ab7


Source file was:
int main() { return 0; }
Performing C++ SOURCE FILE Test HAVE_CXX_FLAG_COVERAGE succeeded with the following output:
Change Dir: /home/glf/MPRPC/build/CMakeFiles/CMakeTmp

Run Build Command(s):/usr/bin/ninja-build cmTC_3f1d0 && [1/2] Building CXX object CMakeFiles/cmTC_3f1d0.dir/src.cxx.o
[2/2] Linking CXX executable cmTC_3f1d0


Source file was:
int main() { return 0; }
Performing C++ SOURCE FILE Test BENCHMARK_HAS_O3_FLAG succeeded with the following output:
Change Dir: /home/glf/MPRPC/build/CMakeFiles/CMakeTmp

Run Build Command(s):/usr/bin/ninja-build cmTC_bac58 && [1/2] Building CXX object CMakeFiles/cmTC_bac58.dir/src.cxx.o
[2/2] Linking CXX executable cmTC_bac58


Source file was:
int main() { return 0; }
Performing C++ SOURCE FILE Test BENCHMARK_HAS_CXX03_FLAG succeeded with the following output:
Change Dir: /home/glf/MPRPC/build/CMakeFiles/CMakeTmp

Run Build Command(s):/usr/bin/ninja-build cmTC_f3b6b && [1/2] Building CXX object CMakeFiles/cmTC_f3b6b.dir/src.cxx.o
[2/2] Linking CXX executable cmTC_f3b6b


Source file was:
int main() { return 0; }
Performing C++ SOURCE FILE Test BENCHMARK_HAS_WNO_ODR succeeded with the following output:
Change Dir: /home/glf/MPRPC/build/CMakeFiles/CMakeTmp

Run Build Command(s):/usr/bin/ninja-build cmTC_9ca1c && [1/2] Building CXX object CMakeFiles/cmTC_9ca1c.dir/src.cxx.o
[2/2] Linking CXX executable cmTC_9ca1c


Source file was:
int main() { return 0; }
